python3: can't open file '/home/fisa/pirosa/test.py': [Errno 2] No such file or directory
